[INFO] Scanning for projects...
[INFO] 
[INFO] --------------------< com.littlestore:LittleStore >---------------------
[INFO] Building LittleStore 0.0.1-SNAPSHOT
[INFO] --------------------------------[ jar ]---------------------------------
[WARNING] The artifact mysql:mysql-connector-java:jar:8.0.33 has been relocated to com.mysql:mysql-connector-j:jar:8.0.33
[INFO] 
[INFO] --- maven-clean-plugin:3.2.0:clean (default-clean) @ LittleStore ---
[INFO] Deleting C:\eclipse-workspace\LittleStore\target
[INFO] 
[INFO] --- build-helper-maven-plugin:3.3.0:add-source (add-source) @ LittleStore ---
[INFO] Source directory: C:\eclipse-workspace\LittleStore\src\main\java added.
[INFO] 
[INFO] --- maven-resources-plugin:3.2.0:resources (default-resources) @ LittleStore ---
[INFO] Using 'UTF-8' encoding to copy filtered resources.
[INFO] Using 'UTF-8' encoding to copy filtered properties files.
[INFO] Copying 1 resource
[INFO] Copying 1239 resources
[INFO] 
[INFO] --- maven-compiler-plugin:3.10.1:compile (default-compile) @ LittleStore ---
[INFO] Changes detected - recompiling the module!
[INFO] Compiling 53 source files to C:\eclipse-workspace\LittleStore\target\classes
[INFO] /C:/eclipse-workspace/LittleStore/src/main/java/com/littlestore/config/CloudinaryConfig.java: C:\eclipse-workspace\LittleStore\src\main\java\com\littlestore\config\CloudinaryConfig.java uses unchecked or unsafe operations.
[INFO] /C:/eclipse-workspace/LittleStore/src/main/java/com/littlestore/config/CloudinaryConfig.java: Recompile with -Xlint:unchecked for details.
[INFO] 
[INFO] --- maven-resources-plugin:3.2.0:testResources (default-testResources) @ LittleStore ---
[INFO] Using 'UTF-8' encoding to copy filtered resources.
[INFO] Using 'UTF-8' encoding to copy filtered properties files.
[INFO] skip non existing resourceDirectory C:\eclipse-workspace\LittleStore\src\test\resources
[INFO] 
[INFO] --- maven-compiler-plugin:3.10.1:testCompile (default-testCompile) @ LittleStore ---
[INFO] Changes detected - recompiling the module!
[INFO] Compiling 3 source files to C:\eclipse-workspace\LittleStore\target\test-classes
[INFO] 
[INFO] --- maven-surefire-plugin:2.22.2:test (default-test) @ LittleStore ---
[INFO] 
[INFO] -------------------------------------------------------
[INFO]  T E S T S
[INFO] -------------------------------------------------------
[INFO] Running com.littlestore.controller.MainControllerTest
20:27:23.784 [main] DEBUG org.springframework.test.context.BootstrapUtils - Instantiating CacheAwareContextLoaderDelegate from class [org.springframework.test.context.cache.DefaultCacheAwareContextLoaderDelegate]
20:27:23.792 [main] DEBUG org.springframework.test.context.BootstrapUtils - Instantiating BootstrapContext using constructor [public org.springframework.test.context.support.DefaultBootstrapContext(java.lang.Class,org.springframework.test.context.CacheAwareContextLoaderDelegate)]
20:27:23.818 [main] DEBUG org.springframework.test.context.BootstrapUtils - Instantiating TestContextBootstrapper for test class [com.littlestore.controller.MainControllerTest] from class [org.springframework.boot.test.context.SpringBootTestContextBootstrapper]
20:27:23.827 [main] INFO org.springframework.boot.test.context.SpringBootTestContextBootstrapper - Neither @ContextConfiguration nor @ContextHierarchy found for test class [com.littlestore.controller.MainControllerTest], using SpringBootContextLoader
20:27:23.830 [main] DEBUG org.springframework.test.context.support.AbstractContextLoader - Did not detect default resource location for test class [com.littlestore.controller.MainControllerTest]: class path resource [com/littlestore/controller/MainControllerTest-context.xml] does not exist
20:27:23.831 [main] DEBUG org.springframework.test.context.support.AbstractContextLoader - Did not detect default resource location for test class [com.littlestore.controller.MainControllerTest]: class path resource [com/littlestore/controller/MainControllerTestContext.groovy] does not exist
20:27:23.831 [main] INFO org.springframework.test.context.support.AbstractContextLoader - Could not detect default resource locations for test class [com.littlestore.controller.MainControllerTest]: no resource found for suffixes {-context.xml, Context.groovy}.
20:27:23.831 [main] INFO org.springframework.test.context.support.AnnotationConfigContextLoaderUtils - Could not detect default configuration classes for test class [com.littlestore.controller.MainControllerTest]: MainControllerTest does not declare any static, non-private, non-final, nested classes annotated with @Configuration.
20:27:23.888 [main] DEBUG org.springframework.test.context.support.ActiveProfilesUtils - Could not find an 'annotation declaring class' for annotation type [org.springframework.test.context.ActiveProfiles] and class [com.littlestore.controller.MainControllerTest]
20:27:23.969 [main] DEBUG org.springframework.context.annotation.ClassPathScanningCandidateComponentProvider - Identified candidate component class: file [C:\eclipse-workspace\LittleStore\target\classes\com\littlestore\LittleStoreApplication.class]
20:27:23.970 [main] INFO org.springframework.boot.test.context.SpringBootTestContextBootstrapper - Found @SpringBootConfiguration com.littlestore.LittleStoreApplication for test class com.littlestore.controller.MainControllerTest
20:27:24.044 [main] DEBUG org.springframework.boot.test.context.SpringBootTestContextBootstrapper - @TestExecutionListeners is not present for class [com.littlestore.controller.MainControllerTest]: using defaults.
20:27:24.044 [main] INFO org.springframework.boot.test.context.SpringBootTestContextBootstrapper - Loaded default TestExecutionListener class names from location [META-INF/spring.factories]: [org.springframework.boot.test.mock.mockito.MockitoTestExecutionListener, org.springframework.boot.test.mock.mockito.ResetMocksTestExecutionListener, org.springframework.boot.test.autoconfigure.restdocs.RestDocsTestExecutionListener, org.springframework.boot.test.autoconfigure.web.client.MockRestServiceServerResetTestExecutionListener, org.springframework.boot.test.autoconfigure.web.servlet.MockMvcPrintOnlyOnFailureTestExecutionListener, org.springframework.boot.test.autoconfigure.web.servlet.WebDriverTestExecutionListener, org.springframework.boot.test.autoconfigure.webservices.client.MockWebServiceServerTestExecutionListener, org.springframework.test.context.web.ServletTestExecutionListener, org.springframework.test.context.support.DirtiesContextBeforeModesTestExecutionListener, org.springframework.test.context.event.ApplicationEventsTestExecutionListener, org.springframework.test.context.support.DependencyInjectionTestExecutionListener, org.springframework.test.context.support.DirtiesContextTestExecutionListener, org.springframework.test.context.transaction.TransactionalTestExecutionListener, org.springframework.test.context.jdbc.SqlScriptsTestExecutionListener, org.springframework.test.context.event.EventPublishingTestExecutionListener, org.springframework.security.test.context.support.WithSecurityContextTestExecutionListener, org.springframework.security.test.context.support.ReactorContextTestExecutionListener]
20:27:24.062 [main] INFO org.springframework.boot.test.context.SpringBootTestContextBootstrapper - Using TestExecutionListeners: [org.springframework.test.context.web.ServletTestExecutionListener@61bcd567, org.springframework.test.context.support.DirtiesContextBeforeModesTestExecutionListener@1c80e49b, org.springframework.test.context.event.ApplicationEventsTestExecutionListener@458342d3, org.springframework.boot.test.mock.mockito.MockitoTestExecutionListener@15c25153, org.springframework.boot.test.autoconfigure.SpringBootDependencyInjectionTestExecutionListener@1252b961, org.springframework.test.context.support.DirtiesContextTestExecutionListener@9ed238c, org.springframework.test.context.transaction.TransactionalTestExecutionListener@56276db8, org.springframework.test.context.jdbc.SqlScriptsTestExecutionListener@51e8e6e6, org.springframework.test.context.event.EventPublishingTestExecutionListener@56f6d40b, org.springframework.security.test.context.support.WithSecurityContextTestExecutionListener@36676c1a, org.springframework.security.test.context.support.ReactorContextTestExecutionListener@5b408dc3, org.springframework.boot.test.mock.mockito.ResetMocksTestExecutionListener@4d098f9b, org.springframework.boot.test.autoconfigure.restdocs.RestDocsTestExecutionListener@2dbf4cbd, org.springframework.boot.test.autoconfigure.web.client.MockRestServiceServerResetTestExecutionListener@20b5f2ac, org.springframework.boot.test.autoconfigure.web.servlet.MockMvcPrintOnlyOnFailureTestExecutionListener@7fc44dec, org.springframework.boot.test.autoconfigure.web.servlet.WebDriverTestExecutionListener@7e3060d8, org.springframework.boot.test.autoconfigure.webservices.client.MockWebServiceServerTestExecutionListener@293d0107]
20:27:24.065 [main] DEBUG org.springframework.test.context.support.AbstractDirtiesContextTestExecutionListener - Before test class: context [DefaultTestContext@71984c3 testClass = MainControllerTest, testInstance = [null], testMethod = [null], testException = [null], mergedContextConfiguration = [WebMergedContextConfiguration@165b2f7f testClass = MainControllerTest, locations = '{}', classes = '{class com.littlestore.LittleStoreApplication}', contextInitializerClasses = '[]', activeProfiles = '{}', propertySourceLocations = '{}', propertySourceProperties = '{org.springframework.boot.test.context.SpringBootTestContextBootstrapper=true}', contextCustomizers = set[[ImportsContextCustomizer@5536379e key = [org.springframework.boot.test.autoconfigure.web.servlet.MockMvcWebDriverAutoConfiguration, org.springframework.boot.test.autoconfigure.web.servlet.MockMvcAutoConfiguration, org.springframework.boot.autoconfigure.security.oauth2.client.servlet.OAuth2ClientAutoConfiguration, org.springframework.boot.autoconfigure.security.servlet.SecurityAutoConfiguration, org.springframework.boot.autoconfigure.security.servlet.SecurityFilterAutoConfiguration, org.springframework.boot.autoconfigure.security.servlet.UserDetailsServiceAutoConfiguration, org.springframework.boot.autoconfigure.security.oauth2.resource.servlet.OAuth2ResourceServerAutoConfiguration, org.springframework.boot.test.autoconfigure.web.servlet.MockMvcSecurityConfiguration, org.springframework.boot.test.autoconfigure.web.servlet.MockMvcWebClientAutoConfiguration, org.springframework.boot.test.autoconfigure.web.reactive.WebTestClientAutoConfiguration]], org.springframework.boot.test.context.filter.ExcludeFilterContextCustomizer@106cc338, org.springframework.boot.test.json.DuplicateJsonObjectContextCustomizerFactory$DuplicateJsonObjectContextCustomizer@26ceffa8, org.springframework.boot.test.mock.mockito.MockitoContextCustomizer@b51e269a, org.springframework.boot.test.web.client.TestRestTemplateContextCustomizer@3abada5a, org.springframework.boot.test.autoconfigure.actuate.metrics.MetricsExportContextCustomizerFactory$DisableMetricExportContextCustomizer@265adfad, org.springframework.boot.test.autoconfigure.properties.PropertyMappingContextCustomizer@4b3fa0b3, org.springframework.boot.test.autoconfigure.web.servlet.WebDriverContextCustomizerFactory$Customizer@54e7df6a, org.springframework.boot.test.context.SpringBootTestArgs@1, org.springframework.boot.test.context.SpringBootTestWebEnvironment@2e005c4b], resourceBasePath = 'src/main/webapp', contextLoader = 'org.springframework.boot.test.context.SpringBootContextLoader', parent = [null]], attributes = map['org.springframework.test.context.web.ServletTestExecutionListener.activateListener' -> true]], class annotated with @DirtiesContext [false] with mode [null].
20:27:24.120 [main] INFO org.springframework.boot.devtools.restart.RestartApplicationListener - Restart disabled due to context in which it is running

  .   ____          _            __ _ _
 /\\ / ___'_ __ _ _(_)_ __  __ _ \ \ \ \
( ( )\___ | '_ | '_| | '_ \/ _` | \ \ \ \
 \\/  ___)| |_)| | | | | || (_| |  ) ) ) )
  '  |____| .__|_| |_|_| |_\__, | / / / /
 =========|_|==============|___/=/_/_/_/
 :: Spring Boot ::               (v2.7.18)

2026-03-12 20:27:24.391  INFO 5020 --- [           main] c.l.controller.MainControllerTest        : Starting MainControllerTest using Java 11.0.29 on WINTERMUTE-VI with PID 5020 (started by Michael in C:\eclipse-workspace\LittleStore)
2026-03-12 20:27:24.393  INFO 5020 --- [           main] c.l.controller.MainControllerTest        : No active profile set, falling back to 1 default profile: "default"
2026-03-12 20:27:25.171  INFO 5020 --- [           main] .s.d.r.c.RepositoryConfigurationDelegate : Bootstrapping Spring Data JPA repositories in DEFAULT mode.
2026-03-12 20:27:25.247  INFO 5020 --- [           main] .s.d.r.c.RepositoryConfigurationDelegate : Finished Spring Data repository scanning in 66 ms. Found 9 JPA repository interfaces.
2026-03-12 20:27:26.157  INFO 5020 --- [           main] o.hibernate.jpa.internal.util.LogHelper  : HHH000204: Processing PersistenceUnitInfo [name: default]
2026-03-12 20:27:26.212  INFO 5020 --- [           main] org.hibernate.Version                    : HHH000412: Hibernate ORM core version 5.6.15.Final
2026-03-12 20:27:26.244  INFO 5020 --- [           main] o.hibernate.annotations.common.Version   : HCANN000001: Hibernate Commons Annotations {5.1.2.Final}
2026-03-12 20:27:26.458  INFO 5020 --- [           main] com.zaxxer.hikari.HikariDataSource       : HikariPool-1 - Starting...
2026-03-12 20:27:26.735  INFO 5020 --- [           main] com.zaxxer.hikari.HikariDataSource       : HikariPool-1 - Start completed.
2026-03-12 20:27:26.753  INFO 5020 --- [           main] org.hibernate.dialect.Dialect            : HHH000400: Using dialect: org.hibernate.dialect.MySQL5InnoDBDialect
2026-03-12 20:27:27.797  INFO 5020 --- [           main] o.h.e.t.j.p.i.JtaPlatformInitiator       : HHH000490: Using JtaPlatform implementation: [org.hibernate.engine.transaction.jta.platform.internal.NoJtaPlatform]
2026-03-12 20:27:27.814  INFO 5020 --- [           main] j.LocalContainerEntityManagerFactoryBean : Initialized JPA EntityManagerFactory for persistence unit 'default'
2026-03-12 20:27:28.829  INFO 5020 --- [           main] o.s.s.web.DefaultSecurityFilterChain     : Will secure any request with [org.springframework.security.web.session.DisableEncodeUrlFilter@29f86630, org.springframework.security.web.context.request.async.WebAsyncManagerIntegrationFilter@6b8a9e1, org.springframework.security.web.context.SecurityContextPersistenceFilter@6d7d0946, org.springframework.security.web.header.HeaderWriterFilter@1e284d90, org.springframework.security.web.csrf.CsrfFilter@160d68b8, org.springframework.security.web.authentication.logout.LogoutFilter@9e092b5, org.springframework.security.web.authentication.UsernamePasswordAuthenticationFilter@4257163f, org.springframework.security.web.authentication.www.BasicAuthenticationFilter@6715a6da, org.springframework.security.web.savedrequest.RequestCacheAwareFilter@7f97e963, org.springframework.security.web.servletapi.SecurityContextHolderAwareRequestFilter@27a23d87, org.springframework.security.web.authentication.AnonymousAuthenticationFilter@4c51fc9a, org.springframework.security.web.session.SessionManagementFilter@5d3d5242, org.springframework.security.web.access.ExceptionTranslationFilter@45a40353, org.springframework.security.web.access.intercept.AuthorizationFilter@3054cdd3]
2026-03-12 20:27:28.839  WARN 5020 --- [           main] o.s.s.c.a.web.builders.WebSecurity       : You are asking Spring Security to ignore Ant [pattern='/google22fbe34eb1adbca9.html']. This is not recommended -- please use permitAll via HttpSecurity#authorizeHttpRequests instead.
2026-03-12 20:27:28.839  INFO 5020 --- [           main] o.s.s.web.DefaultSecurityFilterChain     : Will not secure Ant [pattern='/google22fbe34eb1adbca9.html']
2026-03-12 20:27:29.115  WARN 5020 --- [           main] JpaBaseConfiguration$JpaWebConfiguration : spring.jpa.open-in-view is enabled by default. Therefore, database queries may be performed during view rendering. Explicitly configure spring.jpa.open-in-view to disable this warning
2026-03-12 20:27:29.406  INFO 5020 --- [           main] o.s.b.a.w.s.WelcomePageHandlerMapping    : Adding welcome page template: index
2026-03-12 20:27:29.859  INFO 5020 --- [           main] o.s.b.t.m.w.SpringBootMockServletContext : Initializing Spring TestDispatcherServlet ''
2026-03-12 20:27:29.860  INFO 5020 --- [           main] o.s.t.web.servlet.TestDispatcherServlet  : Initializing Servlet ''
2026-03-12 20:27:29.860  INFO 5020 --- [           main] o.s.t.web.servlet.TestDispatcherServlet  : Completed initialization in 0 ms
2026-03-12 20:27:29.880  INFO 5020 --- [           main] c.l.controller.MainControllerTest        : Started MainControllerTest in 5.773 seconds (JVM running for 6.709)

MockHttpServletRequest:
      HTTP Method = POST
      Request URI = /resetPassword
       Parameters = {token=[abc123], password=[newSecurePassword123], confirmPassword=[newSecurePassword123]}
          Headers = []
             Body = null
    Session Attrs = {org.springframework.security.web.csrf.HttpSessionCsrfTokenRepository.CSRF_TOKEN=org.springframework.security.web.csrf.DefaultCsrfToken@5d9639bb}

Handler:
             Type = null

Async:
    Async started = false
     Async result = null

Resolved Exception:
             Type = null

ModelAndView:
        View name = null
             View = null
            Model = null

FlashMap:
       Attributes = null

MockHttpServletResponse:
           Status = 302
    Error message = null
          Headers = [X-Content-Type-Options:"nosniff", X-XSS-Protection:"1; mode=block", Cache-Control:"no-cache, no-store, max-age=0, must-revalidate", Pragma:"no-cache", Expires:"0", X-Frame-Options:"DENY", Location:"/login"]
     Content type = null
             Body = 
    Forwarded URL = null
   Redirected URL = /login
          Cookies = []
[ERROR] Tests run: 1, Failures: 1, Errors: 0, Skipped: 0, Time elapsed: 6.271 s <<< FAILURE! - in com.littlestore.controller.MainControllerTest
[ERROR] testResetPassword_withValidTokenAndPassword_shouldUpdateAndRedirect  Time elapsed: 0.099 s  <<< FAILURE!
org.mockito.exceptions.verification.WantedButNotInvoked: 

Wanted but not invoked:
customerService bean.update(
    Customer [id=0, email=user@example.com, password=null, passwordConfirm=null, firstName=null, lastName=null, phone=null, address=null, city=null, state=null, preferredPayment=null, paymentHandle=null, isEnabled=null, role=null]
);
-> at com.littlestore.controller.MainControllerTest.testResetPassword_withValidTokenAndPassword_shouldUpdateAndRedirect(MainControllerTest.java:53)
Actually, there were zero interactions with this mock.

	at com.littlestore.controller.MainControllerTest.testResetPassword_withValidTokenAndPassword_shouldUpdateAndRedirect(MainControllerTest.java:53)

[INFO] Running com.littlestore.LittleStoreApplicationTests
2026-03-12 20:27:30.004  INFO 5020 --- [           main] .b.t.c.SpringBootTestContextBootstrapper : Neither @ContextConfiguration nor @ContextHierarchy found for test class [com.littlestore.LittleStoreApplicationTests], using SpringBootContextLoader
2026-03-12 20:27:30.005  INFO 5020 --- [           main] o.s.t.c.support.AbstractContextLoader    : Could not detect default resource locations for test class [com.littlestore.LittleStoreApplicationTests]: no resource found for suffixes {-context.xml, Context.groovy}.
2026-03-12 20:27:30.005  INFO 5020 --- [           main] t.c.s.AnnotationConfigContextLoaderUtils : Could not detect default configuration classes for test class [com.littlestore.LittleStoreApplicationTests]: LittleStoreApplicationTests does not declare any static, non-private, non-final, nested classes annotated with @Configuration.
2026-03-12 20:27:30.007  INFO 5020 --- [           main] .b.t.c.SpringBootTestContextBootstrapper : Found @SpringBootConfiguration com.littlestore.LittleStoreApplication for test class com.littlestore.LittleStoreApplicationTests
2026-03-12 20:27:30.009  INFO 5020 --- [           main] .b.t.c.SpringBootTestContextBootstrapper : Loaded default TestExecutionListener class names from location [META-INF/spring.factories]: [org.springframework.boot.test.mock.mockito.MockitoTestExecutionListener, org.springframework.boot.test.mock.mockito.ResetMocksTestExecutionListener, org.springframework.boot.test.autoconfigure.restdocs.RestDocsTestExecutionListener, org.springframework.boot.test.autoconfigure.web.client.MockRestServiceServerResetTestExecutionListener, org.springframework.boot.test.autoconfigure.web.servlet.MockMvcPrintOnlyOnFailureTestExecutionListener, org.springframework.boot.test.autoconfigure.web.servlet.WebDriverTestExecutionListener, org.springframework.boot.test.autoconfigure.webservices.client.MockWebServiceServerTestExecutionListener, org.springframework.test.context.web.ServletTestExecutionListener, org.springframework.test.context.support.DirtiesContextBeforeModesTestExecutionListener, org.springframework.test.context.event.ApplicationEventsTestExecutionListener, org.springframework.test.context.support.DependencyInjectionTestExecutionListener, org.springframework.test.context.support.DirtiesContextTestExecutionListener, org.springframework.test.context.transaction.TransactionalTestExecutionListener, org.springframework.test.context.jdbc.SqlScriptsTestExecutionListener, org.springframework.test.context.event.EventPublishingTestExecutionListener, org.springframework.security.test.context.support.WithSecurityContextTestExecutionListener, org.springframework.security.test.context.support.ReactorContextTestExecutionListener]
2026-03-12 20:27:30.010  INFO 5020 --- [           main] .b.t.c.SpringBootTestContextBootstrapper : Using TestExecutionListeners: [org.springframework.test.context.web.ServletTestExecutionListener@57573880, org.springframework.test.context.support.DirtiesContextBeforeModesTestExecutionListener@3d94b49d, org.springframework.test.context.event.ApplicationEventsTestExecutionListener@2fedaa2e, org.springframework.boot.test.mock.mockito.MockitoTestExecutionListener@4203190, org.springframework.boot.test.autoconfigure.SpringBootDependencyInjectionTestExecutionListener@6add8aac, org.springframework.test.context.support.DirtiesContextTestExecutionListener@72f5fb36, org.springframework.test.context.transaction.TransactionalTestExecutionListener@300b839c, org.springframework.test.context.jdbc.SqlScriptsTestExecutionListener@352288bc, org.springframework.test.context.event.EventPublishingTestExecutionListener@33acec5e, org.springframework.security.test.context.support.WithSecurityContextTestExecutionListener@6edd8d56, org.springframework.security.test.context.support.ReactorContextTestExecutionListener@226f472, org.springframework.boot.test.mock.mockito.ResetMocksTestExecutionListener@2360ebe2, org.springframework.boot.test.autoconfigure.restdocs.RestDocsTestExecutionListener@77fa2dcc, org.springframework.boot.test.autoconfigure.web.client.MockRestServiceServerResetTestExecutionListener@75cfb958, org.springframework.boot.test.autoconfigure.web.servlet.MockMvcPrintOnlyOnFailureTestExecutionListener@40ff56f7, org.springframework.boot.test.autoconfigure.web.servlet.WebDriverTestExecutionListener@64648af1, org.springframework.boot.test.autoconfigure.webservices.client.MockWebServiceServerTestExecutionListener@42d65ffc]
2026-03-12 20:27:30.012  INFO 5020 --- [           main] o.s.b.d.r.RestartApplicationListener     : Restart disabled due to context in which it is running

  .   ____          _            __ _ _
 /\\ / ___'_ __ _ _(_)_ __  __ _ \ \ \ \
( ( )\___ | '_ | '_| | '_ \/ _` | \ \ \ \
 \\/  ___)| |_)| | | | | || (_| |  ) ) ) )
  '  |____| .__|_| |_|_| |_\__, | / / / /
 =========|_|==============|___/=/_/_/_/
 :: Spring Boot ::               (v2.7.18)

2026-03-12 20:27:30.049  INFO 5020 --- [           main] c.l.LittleStoreApplicationTests          : Starting LittleStoreApplicationTests using Java 11.0.29 on WINTERMUTE-VI with PID 5020 (started by Michael in C:\eclipse-workspace\LittleStore)
2026-03-12 20:27:30.049  INFO 5020 --- [           main] c.l.LittleStoreApplicationTests          : No active profile set, falling back to 1 default profile: "default"
2026-03-12 20:27:30.199  INFO 5020 --- [           main] .s.d.r.c.RepositoryConfigurationDelegate : Bootstrapping Spring Data JPA repositories in DEFAULT mode.
2026-03-12 20:27:30.225  INFO 5020 --- [           main] .s.d.r.c.RepositoryConfigurationDelegate : Finished Spring Data repository scanning in 24 ms. Found 9 JPA repository interfaces.
2026-03-12 20:27:30.377  INFO 5020 --- [           main] o.hibernate.jpa.internal.util.LogHelper  : HHH000204: Processing PersistenceUnitInfo [name: default]
2026-03-12 20:27:30.384  INFO 5020 --- [           main] com.zaxxer.hikari.HikariDataSource       : HikariPool-2 - Starting...
2026-03-12 20:27:30.476  INFO 5020 --- [           main] com.zaxxer.hikari.HikariDataSource       : HikariPool-2 - Start completed.
2026-03-12 20:27:30.477  INFO 5020 --- [           main] org.hibernate.dialect.Dialect            : HHH000400: Using dialect: org.hibernate.dialect.MySQL5InnoDBDialect
2026-03-12 20:27:31.057  INFO 5020 --- [           main] o.h.e.t.j.p.i.JtaPlatformInitiator       : HHH000490: Using JtaPlatform implementation: [org.hibernate.engine.transaction.jta.platform.internal.NoJtaPlatform]
2026-03-12 20:27:31.057  INFO 5020 --- [           main] j.LocalContainerEntityManagerFactoryBean : Initialized JPA EntityManagerFactory for persistence unit 'default'
2026-03-12 20:27:31.344  INFO 5020 --- [           main] o.s.s.web.DefaultSecurityFilterChain     : Will secure any request with [org.springframework.security.web.session.DisableEncodeUrlFilter@80f3111, org.springframework.security.web.context.request.async.WebAsyncManagerIntegrationFilter@54e0b29c, org.springframework.security.web.context.SecurityContextPersistenceFilter@67f5066e, org.springframework.security.web.header.HeaderWriterFilter@77393f2e, org.springframework.security.web.csrf.CsrfFilter@5843ab8, org.springframework.security.web.authentication.logout.LogoutFilter@60666985, org.springframework.security.web.authentication.UsernamePasswordAuthenticationFilter@7ba38cce, org.springframework.security.web.authentication.www.BasicAuthenticationFilter@28dae87e, org.springframework.security.web.savedrequest.RequestCacheAwareFilter@57fd3b57, org.springframework.security.web.servletapi.SecurityContextHolderAwareRequestFilter@6903bec9, org.springframework.security.web.authentication.AnonymousAuthenticationFilter@33428132, org.springframework.security.web.session.SessionManagementFilter@4300b54c, org.springframework.security.web.access.ExceptionTranslationFilter@3f679ce, org.springframework.security.web.access.intercept.AuthorizationFilter@2a7ed9bd]
2026-03-12 20:27:31.349  WARN 5020 --- [           main] o.s.s.c.a.web.builders.WebSecurity       : You are asking Spring Security to ignore Ant [pattern='/google22fbe34eb1adbca9.html']. This is not recommended -- please use permitAll via HttpSecurity#authorizeHttpRequests instead.
2026-03-12 20:27:31.349  INFO 5020 --- [           main] o.s.s.web.DefaultSecurityFilterChain     : Will not secure Ant [pattern='/google22fbe34eb1adbca9.html']
2026-03-12 20:27:31.433  WARN 5020 --- [           main] JpaBaseConfiguration$JpaWebConfiguration : spring.jpa.open-in-view is enabled by default. Therefore, database queries may be performed during view rendering. Explicitly configure spring.jpa.open-in-view to disable this warning
2026-03-12 20:27:31.522  INFO 5020 --- [           main] o.s.b.a.w.s.WelcomePageHandlerMapping    : Adding welcome page template: index
2026-03-12 20:27:31.685  INFO 5020 --- [           main] c.l.LittleStoreApplicationTests          : Started LittleStoreApplicationTests in 1.674 seconds (JVM running for 8.516)
[INFO] Tests run: 1, Failures: 0, Errors: 0, Skipped: 0, Time elapsed: 1.649 s - in com.littlestore.LittleStoreApplicationTests
[INFO] Running com.littlestore.repository.CustomerRepositoryTest
2026-03-12 20:27:31.694  INFO 5020 --- [           main] b.t.a.o.j.DataJpaTestContextBootstrapper : Neither @ContextConfiguration nor @ContextHierarchy found for test class [com.littlestore.repository.CustomerRepositoryTest], using SpringBootContextLoader
2026-03-12 20:27:31.694  INFO 5020 --- [           main] o.s.t.c.support.AbstractContextLoader    : Could not detect default resource locations for test class [com.littlestore.repository.CustomerRepositoryTest]: no resource found for suffixes {-context.xml, Context.groovy}.
2026-03-12 20:27:31.696  INFO 5020 --- [           main] t.c.s.AnnotationConfigContextLoaderUtils : Could not detect default configuration classes for test class [com.littlestore.repository.CustomerRepositoryTest]: CustomerRepositoryTest does not declare any static, non-private, non-final, nested classes annotated with @Configuration.
2026-03-12 20:27:31.712  INFO 5020 --- [           main] .b.t.c.SpringBootTestContextBootstrapper : Found @SpringBootConfiguration com.littlestore.LittleStoreApplication for test class com.littlestore.repository.CustomerRepositoryTest
2026-03-12 20:27:31.712  INFO 5020 --- [           main] b.t.a.o.j.DataJpaTestContextBootstrapper : Loaded default TestExecutionListener class names from location [META-INF/spring.factories]: [org.springframework.boot.test.mock.mockito.MockitoTestExecutionListener, org.springframework.boot.test.mock.mockito.ResetMocksTestExecutionListener, org.springframework.boot.test.autoconfigure.restdocs.RestDocsTestExecutionListener, org.springframework.boot.test.autoconfigure.web.client.MockRestServiceServerResetTestExecutionListener, org.springframework.boot.test.autoconfigure.web.servlet.MockMvcPrintOnlyOnFailureTestExecutionListener, org.springframework.boot.test.autoconfigure.web.servlet.WebDriverTestExecutionListener, org.springframework.boot.test.autoconfigure.webservices.client.MockWebServiceServerTestExecutionListener, org.springframework.test.context.web.ServletTestExecutionListener, org.springframework.test.context.support.DirtiesContextBeforeModesTestExecutionListener, org.springframework.test.context.event.ApplicationEventsTestExecutionListener, org.springframework.test.context.support.DependencyInjectionTestExecutionListener, org.springframework.test.context.support.DirtiesContextTestExecutionListener, org.springframework.test.context.transaction.TransactionalTestExecutionListener, org.springframework.test.context.jdbc.SqlScriptsTestExecutionListener, org.springframework.test.context.event.EventPublishingTestExecutionListener, org.springframework.security.test.context.support.WithSecurityContextTestExecutionListener, org.springframework.security.test.context.support.ReactorContextTestExecutionListener]
2026-03-12 20:27:31.713  INFO 5020 --- [           main] b.t.a.o.j.DataJpaTestContextBootstrapper : Using TestExecutionListeners: [org.springframework.test.context.web.ServletTestExecutionListener@18e4bbec, org.springframework.test.context.support.DirtiesContextBeforeModesTestExecutionListener@ab5af13, org.springframework.test.context.event.ApplicationEventsTestExecutionListener@2f2e75ae, org.springframework.boot.test.mock.mockito.MockitoTestExecutionListener@8ccec82, org.springframework.boot.test.autoconfigure.SpringBootDependencyInjectionTestExecutionListener@35ca0dac, org.springframework.test.context.support.DirtiesContextTestExecutionListener@12a0f131, org.springframework.test.context.transaction.TransactionalTestExecutionListener@4eff65ce, org.springframework.test.context.jdbc.SqlScriptsTestExecutionListener@2138386f, org.springframework.test.context.event.EventPublishingTestExecutionListener@44faf689, org.springframework.security.test.context.support.WithSecurityContextTestExecutionListener@5146ae5e, org.springframework.security.test.context.support.ReactorContextTestExecutionListener@642270ad, org.springframework.boot.test.mock.mockito.ResetMocksTestExecutionListener@439c706, org.springframework.boot.test.autoconfigure.restdocs.RestDocsTestExecutionListener@17e427b6, org.springframework.boot.test.autoconfigure.web.client.MockRestServiceServerResetTestExecutionListener@73344f4a, org.springframework.boot.test.autoconfigure.web.servlet.MockMvcPrintOnlyOnFailureTestExecutionListener@4e4ee99, org.springframework.boot.test.autoconfigure.web.servlet.WebDriverTestExecutionListener@4eaf08f4, org.springframework.boot.test.autoconfigure.webservices.client.MockWebServiceServerTestExecutionListener@78405f00]
2026-03-12 20:27:31.715  INFO 5020 --- [           main] o.s.b.d.r.RestartApplicationListener     : Restart disabled due to context in which it is running

  .   ____          _            __ _ _
 /\\ / ___'_ __ _ _(_)_ __  __ _ \ \ \ \
( ( )\___ | '_ | '_| | '_ \/ _` | \ \ \ \
 \\/  ___)| |_)| | | | | || (_| |  ) ) ) )
  '  |____| .__|_| |_|_| |_\__, | / / / /
 =========|_|==============|___/=/_/_/_/
 :: Spring Boot ::               (v2.7.18)

2026-03-12 20:27:31.738  INFO 5020 --- [           main] c.l.repository.CustomerRepositoryTest    : Starting CustomerRepositoryTest using Java 11.0.29 on WINTERMUTE-VI with PID 5020 (started by Michael in C:\eclipse-workspace\LittleStore)
2026-03-12 20:27:31.738  INFO 5020 --- [           main] c.l.repository.CustomerRepositoryTest    : No active profile set, falling back to 1 default profile: "default"
2026-03-12 20:27:31.821  INFO 5020 --- [           main] .s.d.r.c.RepositoryConfigurationDelegate : Bootstrapping Spring Data JPA repositories in DEFAULT mode.
2026-03-12 20:27:31.840  INFO 5020 --- [           main] .s.d.r.c.RepositoryConfigurationDelegate : Finished Spring Data repository scanning in 19 ms. Found 9 JPA repository interfaces.
2026-03-12 20:27:31.910  INFO 5020 --- [           main] o.hibernate.jpa.internal.util.LogHelper  : HHH000204: Processing PersistenceUnitInfo [name: default]
2026-03-12 20:27:31.914  INFO 5020 --- [           main] com.zaxxer.hikari.HikariDataSource       : HikariPool-3 - Starting...
2026-03-12 20:27:32.005  INFO 5020 --- [           main] com.zaxxer.hikari.HikariDataSource       : HikariPool-3 - Start completed.
2026-03-12 20:27:32.005  INFO 5020 --- [           main] org.hibernate.dialect.Dialect            : HHH000400: Using dialect: org.hibernate.dialect.MySQL5InnoDBDialect
2026-03-12 20:27:32.445  INFO 5020 --- [           main] o.h.e.t.j.p.i.JtaPlatformInitiator       : HHH000490: Using JtaPlatform implementation: [org.hibernate.engine.transaction.jta.platform.internal.NoJtaPlatform]
2026-03-12 20:27:32.445  INFO 5020 --- [           main] j.LocalContainerEntityManagerFactoryBean : Initialized JPA EntityManagerFactory for persistence unit 'default'
2026-03-12 20:27:32.583  INFO 5020 --- [           main] c.l.repository.CustomerRepositoryTest    : Started CustomerRepositoryTest in 0.868 seconds (JVM running for 9.412)
2026-03-12 20:27:32.598  INFO 5020 --- [           main] o.s.t.c.transaction.TransactionContext   : Began transaction (1) for test context [DefaultTestContext@77198cce testClass = CustomerRepositoryTest, testInstance = com.littlestore.repository.CustomerRepositoryTest@e7b7395, testMethod = testSave@CustomerRepositoryTest, testException = [null], mergedContextConfiguration = [MergedContextConfiguration@383c94ed testClass = CustomerRepositoryTest, locations = '{}', classes = '{class com.littlestore.LittleStoreApplication}', contextInitializerClasses = '[]', activeProfiles = '{}', propertySourceLocations = '{}', propertySourceProperties = '{org.springframework.boot.test.autoconfigure.orm.jpa.DataJpaTestContextBootstrapper=true}', contextCustomizers = set[[ImportsContextCustomizer@293ccbdd key = [org.springframework.boot.autoconfigure.transaction.TransactionAutoConfiguration, org.springframework.boot.autoconfigure.data.jpa.JpaRepositoriesAutoConfiguration, org.springframework.boot.autoconfigure.jdbc.DataSourceAutoConfiguration, org.springframework.boot.test.autoconfigure.orm.jpa.TestEntityManagerAutoConfiguration, org.springframework.boot.autoconfigure.cache.CacheAutoConfiguration, org.springframework.boot.autoconfigure.orm.jpa.HibernateJpaAutoConfiguration, org.springframework.boot.autoconfigure.sql.init.SqlInitializationAutoConfiguration, org.springframework.boot.autoconfigure.jdbc.JdbcTemplateAutoConfiguration, org.springframework.boot.test.autoconfigure.jdbc.TestDatabaseAutoConfiguration, org.springframework.boot.autoconfigure.flyway.FlywayAutoConfiguration, org.springframework.boot.autoconfigure.jdbc.DataSourceTransactionManagerAutoConfiguration, org.springframework.boot.autoconfigure.liquibase.LiquibaseAutoConfiguration]], org.springframework.boot.test.context.filter.ExcludeFilterContextCustomizer@106cc338, org.springframework.boot.test.json.DuplicateJsonObjectContextCustomizerFactory$DuplicateJsonObjectContextCustomizer@26ceffa8, org.springframework.boot.test.mock.mockito.MockitoContextCustomizer@0, org.springframework.boot.test.autoconfigure.OverrideAutoConfigurationContextCustomizerFactory$DisableAutoConfigurationContextCustomizer@4eba3c3f, org.springframework.boot.test.autoconfigure.actuate.metrics.MetricsExportContextCustomizerFactory$DisableMetricExportContextCustomizer@265adfad, org.springframework.boot.test.autoconfigure.filter.TypeExcludeFiltersContextCustomizer@351584c0, org.springframework.boot.test.autoconfigure.properties.PropertyMappingContextCustomizer@39a47512, org.springframework.boot.test.autoconfigure.web.servlet.WebDriverContextCustomizerFactory$Customizer@54e7df6a, org.springframework.boot.test.context.SpringBootTestArgs@1, org.springframework.boot.test.context.SpringBootTestWebEnvironment@0], contextLoader = 'org.springframework.boot.test.context.SpringBootContextLoader', parent = [null]], attributes = map['org.springframework.test.context.event.ApplicationEventsTestExecutionListener.recordApplicationEvents' -> false]]; transaction manager [org.springframework.orm.jpa.JpaTransactionManager@4cde5d66]; rollback [false]
2026-03-12 20:27:32.612 DEBUG 5020 --- [           main] org.hibernate.SQL                        : select customer0_.id as id1_2_, customer0_.accountCreated as accountc2_2_, customer0_.address as address3_2_, customer0_.city as city4_2_, customer0_.email as email5_2_, customer0_.emailSub as emailsub6_2_, customer0_.firstName as firstnam7_2_, customer0_.isEnabled as isenable8_2_, customer0_.lastName as lastname9_2_, customer0_.lastOrdered as lastord10_2_, customer0_.last_password_reset_request as last_pa11_2_, customer0_.lastVisited as lastvis12_2_, customer0_.password as passwor13_2_, customer0_.paymentHandle as payment14_2_, customer0_.phone as phone15_2_, customer0_.preferredPayment as preferr16_2_, customer0_.reset_token as reset_t17_2_, customer0_.reset_token_expiry as reset_t18_2_, customer0_.state as state19_2_ from customer customer0_ where customer0_.email=?
Hibernate: select customer0_.id as id1_2_, customer0_.accountCreated as accountc2_2_, customer0_.address as address3_2_, customer0_.city as city4_2_, customer0_.email as email5_2_, customer0_.emailSub as emailsub6_2_, customer0_.firstName as firstnam7_2_, customer0_.isEnabled as isenable8_2_, customer0_.lastName as lastname9_2_, customer0_.lastOrdered as lastord10_2_, customer0_.last_password_reset_request as last_pa11_2_, customer0_.lastVisited as lastvis12_2_, customer0_.password as passwor13_2_, customer0_.paymentHandle as payment14_2_, customer0_.phone as phone15_2_, customer0_.preferredPayment as preferr16_2_, customer0_.reset_token as reset_t17_2_, customer0_.reset_token_expiry as reset_t18_2_, customer0_.state as state19_2_ from customer customer0_ where customer0_.email=?
2026-03-12 20:27:32.741 DEBUG 5020 --- [           main] org.hibernate.SQL                        : insert into customer (accountCreated, address, city, email, emailSub, firstName, isEnabled, lastName, lastOrdered, last_password_reset_request, lastVisited, password, paymentHandle, phone, preferredPayment, reset_token, reset_token_expiry, state) values (?, ?, ?, ?, ?, ?, ?, ?, ?, ?, ?, ?, ?, ?, ?, ?, ?, ?)
Hibernate: insert into customer (accountCreated, address, city, email, emailSub, firstName, isEnabled, lastName, lastOrdered, last_password_reset_request, lastVisited, password, paymentHandle, phone, preferredPayment, reset_token, reset_token_expiry, state) values (?, ?, ?, ?, ?, ?, ?, ?, ?, ?, ?, ?, ?, ?, ?, ?, ?, ?)
2026-03-12 20:27:32.762  WARN 5020 --- [           main] o.h.engine.jdbc.spi.SqlExceptionHelper   : SQL Error: 1062, SQLState: 23000
2026-03-12 20:27:32.763 ERROR 5020 --- [           main] o.h.engine.jdbc.spi.SqlExceptionHelper   : Duplicate entry 'test@junit5.com' for key 'UK_dwk6cx0afu8bs9o4t536v1j5v'
2026-03-12 20:27:32.793  WARN 5020 --- [           main] o.s.test.context.TestContextManager      : Caught exception while invoking 'afterTestMethod' callback on TestExecutionListener [org.springframework.test.context.transaction.TransactionalTestExecutionListener@4eff65ce] for test method [void com.littlestore.repository.CustomerRepositoryTest.testSave()] and test instance [com.littlestore.repository.CustomerRepositoryTest@e7b7395]

org.springframework.transaction.UnexpectedRollbackException: Transaction silently rolled back because it has been marked as rollback-only
	at org.springframework.transaction.support.AbstractPlatformTransactionManager.processCommit(AbstractPlatformTransactionManager.java:752) ~[spring-tx-5.3.31.jar:5.3.31]
	at org.springframework.transaction.support.AbstractPlatformTransactionManager.commit(AbstractPlatformTransactionManager.java:711) ~[spring-tx-5.3.31.jar:5.3.31]
	at org.springframework.test.context.transaction.TransactionContext.endTransaction(TransactionContext.java:131) ~[spring-test-5.3.31.jar:5.3.31]
	at org.springframework.test.context.transaction.TransactionalTestExecutionListener.afterTestMethod(TransactionalTestExecutionListener.java:255) ~[spring-test-5.3.31.jar:5.3.31]
	at org.springframework.test.context.TestContextManager.afterTestMethod(TestContextManager.java:445) ~[spring-test-5.3.31.jar:5.3.31]
	at org.springframework.test.context.junit.jupiter.SpringExtension.afterEach(SpringExtension.java:206) ~[spring-test-5.3.31.jar:5.3.31]
	at org.junit.jupiter.engine.descriptor.TestMethodTestDescriptor.lambda$invokeAfterEachCallbacks$12(TestMethodTestDescriptor.java:257) ~[junit-jupiter-engine-5.8.2.jar:5.8.2]
	at org.junit.jupiter.engine.descriptor.TestMethodTestDescriptor.lambda$invokeAllAfterMethodsOrCallbacks$13(TestMethodTestDescriptor.java:273) ~[junit-jupiter-engine-5.8.2.jar:5.8.2]
	at org.junit.platform.engine.support.hierarchical.ThrowableCollector.execute(ThrowableCollector.java:73) ~[junit-platform-engine-1.8.2.jar:1.8.2]
	at org.junit.jupiter.engine.descriptor.TestMethodTestDescriptor.lambda$invokeAllAfterMethodsOrCallbacks$14(TestMethodTestDescriptor.java:273) ~[junit-jupiter-engine-5.8.2.jar:5.8.2]
	at java.base/java.util.ArrayList.forEach(ArrayList.java:1541) ~[na:na]
	at org.junit.jupiter.engine.descriptor.TestMethodTestDescriptor.invokeAllAfterMethodsOrCallbacks(TestMethodTestDescriptor.java:272) ~[junit-jupiter-engine-5.8.2.jar:5.8.2]
	at org.junit.jupiter.engine.descriptor.TestMethodTestDescriptor.invokeAfterEachCallbacks(TestMethodTestDescriptor.java:256) ~[junit-jupiter-engine-5.8.2.jar:5.8.2]
	at org.junit.jupiter.engine.descriptor.TestMethodTestDescriptor.execute(TestMethodTestDescriptor.java:141) ~[junit-jupiter-engine-5.8.2.jar:5.8.2]
	at org.junit.jupiter.engine.descriptor.TestMethodTestDescriptor.execute(TestMethodTestDescriptor.java:66) ~[junit-jupiter-engine-5.8.2.jar:5.8.2]
	at org.junit.platform.engine.support.hierarchical.NodeTestTask.lambda$executeRecursively$6(NodeTestTask.java:151) ~[junit-platform-engine-1.8.2.jar:1.8.2]
	at org.junit.platform.engine.support.hierarchical.ThrowableCollector.execute(ThrowableCollector.java:73) ~[junit-platform-engine-1.8.2.jar:1.8.2]
	at org.junit.platform.engine.support.hierarchical.NodeTestTask.lambda$executeRecursively$8(NodeTestTask.java:141) ~[junit-platform-engine-1.8.2.jar:1.8.2]
	at org.junit.platform.engine.support.hierarchical.Node.around(Node.java:137) ~[junit-platform-engine-1.8.2.jar:1.8.2]
	at org.junit.platform.engine.support.hierarchical.NodeTestTask.lambda$executeRecursively$9(NodeTestTask.java:139) ~[junit-platform-engine-1.8.2.jar:1.8.2]
	at org.junit.platform.engine.support.hierarchical.ThrowableCollector.execute(ThrowableCollector.java:73) ~[junit-platform-engine-1.8.2.jar:1.8.2]
	at org.junit.platform.engine.support.hierarchical.NodeTestTask.executeRecursively(NodeTestTask.java:138) ~[junit-platform-engine-1.8.2.jar:1.8.2]
	at org.junit.platform.engine.support.hierarchical.NodeTestTask.execute(NodeTestTask.java:95) ~[junit-platform-engine-1.8.2.jar:1.8.2]
	at java.base/java.util.ArrayList.forEach(ArrayList.java:1541) ~[na:na]
	at org.junit.platform.engine.support.hierarchical.SameThreadHierarchicalTestExecutorService.invokeAll(SameThreadHierarchicalTestExecutorService.java:41) ~[junit-platform-engine-1.8.2.jar:1.8.2]
	at org.junit.platform.engine.support.hierarchical.NodeTestTask.lambda$executeRecursively$6(NodeTestTask.java:155) ~[junit-platform-engine-1.8.2.jar:1.8.2]
	at org.junit.platform.engine.support.hierarchical.ThrowableCollector.execute(ThrowableCollector.java:73) ~[junit-platform-engine-1.8.2.jar:1.8.2]
	at org.junit.platform.engine.support.hierarchical.NodeTestTask.lambda$executeRecursively$8(NodeTestTask.java:141) ~[junit-platform-engine-1.8.2.jar:1.8.2]
	at org.junit.platform.engine.support.hierarchical.Node.around(Node.java:137) ~[junit-platform-engine-1.8.2.jar:1.8.2]
	at org.junit.platform.engine.support.hierarchical.NodeTestTask.lambda$executeRecursively$9(NodeTestTask.java:139) ~[junit-platform-engine-1.8.2.jar:1.8.2]
	at org.junit.platform.engine.support.hierarchical.ThrowableCollector.execute(ThrowableCollector.java:73) ~[junit-platform-engine-1.8.2.jar:1.8.2]
	at org.junit.platform.engine.support.hierarchical.NodeTestTask.executeRecursively(NodeTestTask.java:138) ~[junit-platform-engine-1.8.2.jar:1.8.2]
	at org.junit.platform.engine.support.hierarchical.NodeTestTask.execute(NodeTestTask.java:95) ~[junit-platform-engine-1.8.2.jar:1.8.2]
	at java.base/java.util.ArrayList.forEach(ArrayList.java:1541) ~[na:na]
	at org.junit.platform.engine.support.hierarchical.SameThreadHierarchicalTestExecutorService.invokeAll(SameThreadHierarchicalTestExecutorService.java:41) ~[junit-platform-engine-1.8.2.jar:1.8.2]
	at org.junit.platform.engine.support.hierarchical.NodeTestTask.lambda$executeRecursively$6(NodeTestTask.java:155) ~[junit-platform-engine-1.8.2.jar:1.8.2]
	at org.junit.platform.engine.support.hierarchical.ThrowableCollector.execute(ThrowableCollector.java:73) ~[junit-platform-engine-1.8.2.jar:1.8.2]
	at org.junit.platform.engine.support.hierarchical.NodeTestTask.lambda$executeRecursively$8(NodeTestTask.java:141) ~[junit-platform-engine-1.8.2.jar:1.8.2]
	at org.junit.platform.engine.support.hierarchical.Node.around(Node.java:137) ~[junit-platform-engine-1.8.2.jar:1.8.2]
	at org.junit.platform.engine.support.hierarchical.NodeTestTask.lambda$executeRecursively$9(NodeTestTask.java:139) ~[junit-platform-engine-1.8.2.jar:1.8.2]
	at org.junit.platform.engine.support.hierarchical.ThrowableCollector.execute(ThrowableCollector.java:73) ~[junit-platform-engine-1.8.2.jar:1.8.2]
	at org.junit.platform.engine.support.hierarchical.NodeTestTask.executeRecursively(NodeTestTask.java:138) ~[junit-platform-engine-1.8.2.jar:1.8.2]
	at org.junit.platform.engine.support.hierarchical.NodeTestTask.execute(NodeTestTask.java:95) ~[junit-platform-engine-1.8.2.jar:1.8.2]
	at org.junit.platform.engine.support.hierarchical.SameThreadHierarchicalTestExecutorService.submit(SameThreadHierarchicalTestExecutorService.java:35) ~[junit-platform-engine-1.8.2.jar:1.8.2]
	at org.junit.platform.engine.support.hierarchical.HierarchicalTestExecutor.execute(HierarchicalTestExecutor.java:57) ~[junit-platform-engine-1.8.2.jar:1.8.2]
	at org.junit.platform.engine.support.hierarchical.HierarchicalTestEngine.execute(HierarchicalTestEngine.java:54) ~[junit-platform-engine-1.8.2.jar:1.8.2]
	at org.junit.platform.launcher.core.DefaultLauncher.execute(DefaultLauncher.java:220) ~[junit-platform-launcher-1.3.1.jar:1.3.1]
	at org.junit.platform.launcher.core.DefaultLauncher.lambda$execute$6(DefaultLauncher.java:188) ~[junit-platform-launcher-1.3.1.jar:1.3.1]
	at org.junit.platform.launcher.core.DefaultLauncher.withInterceptedStreams(DefaultLauncher.java:202) ~[junit-platform-launcher-1.3.1.jar:1.3.1]
	at org.junit.platform.launcher.core.DefaultLauncher.execute(DefaultLauncher.java:181) ~[junit-platform-launcher-1.3.1.jar:1.3.1]
	at org.junit.platform.launcher.core.DefaultLauncher.execute(DefaultLauncher.java:128) ~[junit-platform-launcher-1.3.1.jar:1.3.1]
	at org.apache.maven.surefire.junitplatform.JUnitPlatformProvider.invokeAllTests(JUnitPlatformProvider.java:150) ~[surefire-junit-platform-2.22.2.jar:2.22.2]
	at org.apache.maven.surefire.junitplatform.JUnitPlatformProvider.invoke(JUnitPlatformProvider.java:124) ~[surefire-junit-platform-2.22.2.jar:2.22.2]
	at org.apache.maven.surefire.booter.ForkedBooter.invokeProviderInSameClassLoader(ForkedBooter.java:384) ~[surefire-booter-2.22.2.jar:2.22.2]
	at org.apache.maven.surefire.booter.ForkedBooter.runSuitesInProcess(ForkedBooter.java:345) ~[surefire-booter-2.22.2.jar:2.22.2]
	at org.apache.maven.surefire.booter.ForkedBooter.execute(ForkedBooter.java:126) ~[surefire-booter-2.22.2.jar:2.22.2]
	at org.apache.maven.surefire.booter.ForkedBooter.main(ForkedBooter.java:418) ~[surefire-booter-2.22.2.jar:2.22.2]

2026-03-12 20:27:32.806  INFO 5020 --- [           main] o.s.t.c.transaction.TransactionContext   : Began transaction (1) for test context [DefaultTestContext@77198cce testClass = CustomerRepositoryTest, testInstance = com.littlestore.repository.CustomerRepositoryTest@74c997b1, testMethod = testFindByEmail@CustomerRepositoryTest, testException = [null], mergedContextConfiguration = [MergedContextConfiguration@383c94ed testClass = CustomerRepositoryTest, locations = '{}', classes = '{class com.littlestore.LittleStoreApplication}', contextInitializerClasses = '[]', activeProfiles = '{}', propertySourceLocations = '{}', propertySourceProperties = '{org.springframework.boot.test.autoconfigure.orm.jpa.DataJpaTestContextBootstrapper=true}', contextCustomizers = set[[ImportsContextCustomizer@293ccbdd key = [org.springframework.boot.autoconfigure.transaction.TransactionAutoConfiguration, org.springframework.boot.autoconfigure.data.jpa.JpaRepositoriesAutoConfiguration, org.springframework.boot.autoconfigure.jdbc.DataSourceAutoConfiguration, org.springframework.boot.test.autoconfigure.orm.jpa.TestEntityManagerAutoConfiguration, org.springframework.boot.autoconfigure.cache.CacheAutoConfiguration, org.springframework.boot.autoconfigure.orm.jpa.HibernateJpaAutoConfiguration, org.springframework.boot.autoconfigure.sql.init.SqlInitializationAutoConfiguration, org.springframework.boot.autoconfigure.jdbc.JdbcTemplateAutoConfiguration, org.springframework.boot.test.autoconfigure.jdbc.TestDatabaseAutoConfiguration, org.springframework.boot.autoconfigure.flyway.FlywayAutoConfiguration, org.springframework.boot.autoconfigure.jdbc.DataSourceTransactionManagerAutoConfiguration, org.springframework.boot.autoconfigure.liquibase.LiquibaseAutoConfiguration]], org.springframework.boot.test.context.filter.ExcludeFilterContextCustomizer@106cc338, org.springframework.boot.test.json.DuplicateJsonObjectContextCustomizerFactory$DuplicateJsonObjectContextCustomizer@26ceffa8, org.springframework.boot.test.mock.mockito.MockitoContextCustomizer@0, org.springframework.boot.test.autoconfigure.OverrideAutoConfigurationContextCustomizerFactory$DisableAutoConfigurationContextCustomizer@4eba3c3f, org.springframework.boot.test.autoconfigure.actuate.metrics.MetricsExportContextCustomizerFactory$DisableMetricExportContextCustomizer@265adfad, org.springframework.boot.test.autoconfigure.filter.TypeExcludeFiltersContextCustomizer@351584c0, org.springframework.boot.test.autoconfigure.properties.PropertyMappingContextCustomizer@39a47512, org.springframework.boot.test.autoconfigure.web.servlet.WebDriverContextCustomizerFactory$Customizer@54e7df6a, org.springframework.boot.test.context.SpringBootTestArgs@1, org.springframework.boot.test.context.SpringBootTestWebEnvironment@0], contextLoader = 'org.springframework.boot.test.context.SpringBootContextLoader', parent = [null]], attributes = map['org.springframework.test.context.event.ApplicationEventsTestExecutionListener.recordApplicationEvents' -> false]]; transaction manager [org.springframework.orm.jpa.JpaTransactionManager@4cde5d66]; rollback [false]
2026-03-12 20:27:32.807 DEBUG 5020 --- [           main] org.hibernate.SQL                        : select customer0_.id as id1_2_, customer0_.accountCreated as accountc2_2_, customer0_.address as address3_2_, customer0_.city as city4_2_, customer0_.email as email5_2_, customer0_.emailSub as emailsub6_2_, customer0_.firstName as firstnam7_2_, customer0_.isEnabled as isenable8_2_, customer0_.lastName as lastname9_2_, customer0_.lastOrdered as lastord10_2_, customer0_.last_password_reset_request as last_pa11_2_, customer0_.lastVisited as lastvis12_2_, customer0_.password as passwor13_2_, customer0_.paymentHandle as payment14_2_, customer0_.phone as phone15_2_, customer0_.preferredPayment as preferr16_2_, customer0_.reset_token as reset_t17_2_, customer0_.reset_token_expiry as reset_t18_2_, customer0_.state as state19_2_ from customer customer0_ where customer0_.email=?
Hibernate: select customer0_.id as id1_2_, customer0_.accountCreated as accountc2_2_, customer0_.address as address3_2_, customer0_.city as city4_2_, customer0_.email as email5_2_, customer0_.emailSub as emailsub6_2_, customer0_.firstName as firstnam7_2_, customer0_.isEnabled as isenable8_2_, customer0_.lastName as lastname9_2_, customer0_.lastOrdered as lastord10_2_, customer0_.last_password_reset_request as last_pa11_2_, customer0_.lastVisited as lastvis12_2_, customer0_.password as passwor13_2_, customer0_.paymentHandle as payment14_2_, customer0_.phone as phone15_2_, customer0_.preferredPayment as preferr16_2_, customer0_.reset_token as reset_t17_2_, customer0_.reset_token_expiry as reset_t18_2_, customer0_.state as state19_2_ from customer customer0_ where customer0_.email=?
2026-03-12 20:27:32.847  INFO 5020 --- [           main] o.s.t.c.transaction.TransactionContext   : Committed transaction for test: [DefaultTestContext@77198cce testClass = CustomerRepositoryTest, testInstance = com.littlestore.repository.CustomerRepositoryTest@74c997b1, testMethod = testFindByEmail@CustomerRepositoryTest, testException = [null], mergedContextConfiguration = [MergedContextConfiguration@383c94ed testClass = CustomerRepositoryTest, locations = '{}', classes = '{class com.littlestore.LittleStoreApplication}', contextInitializerClasses = '[]', activeProfiles = '{}', propertySourceLocations = '{}', propertySourceProperties = '{org.springframework.boot.test.autoconfigure.orm.jpa.DataJpaTestContextBootstrapper=true}', contextCustomizers = set[[ImportsContextCustomizer@293ccbdd key = [org.springframework.boot.autoconfigure.transaction.TransactionAutoConfiguration, org.springframework.boot.autoconfigure.data.jpa.JpaRepositoriesAutoConfiguration, org.springframework.boot.autoconfigure.jdbc.DataSourceAutoConfiguration, org.springframework.boot.test.autoconfigure.orm.jpa.TestEntityManagerAutoConfiguration, org.springframework.boot.autoconfigure.cache.CacheAutoConfiguration, org.springframework.boot.autoconfigure.orm.jpa.HibernateJpaAutoConfiguration, org.springframework.boot.autoconfigure.sql.init.SqlInitializationAutoConfiguration, org.springframework.boot.autoconfigure.jdbc.JdbcTemplateAutoConfiguration, org.springframework.boot.test.autoconfigure.jdbc.TestDatabaseAutoConfiguration, org.springframework.boot.autoconfigure.flyway.FlywayAutoConfiguration, org.springframework.boot.autoconfigure.jdbc.DataSourceTransactionManagerAutoConfiguration, org.springframework.boot.autoconfigure.liquibase.LiquibaseAutoConfiguration]], org.springframework.boot.test.context.filter.ExcludeFilterContextCustomizer@106cc338, org.springframework.boot.test.json.DuplicateJsonObjectContextCustomizerFactory$DuplicateJsonObjectContextCustomizer@26ceffa8, org.springframework.boot.test.mock.mockito.MockitoContextCustomizer@0, org.springframework.boot.test.autoconfigure.OverrideAutoConfigurationContextCustomizerFactory$DisableAutoConfigurationContextCustomizer@4eba3c3f, org.springframework.boot.test.autoconfigure.actuate.metrics.MetricsExportContextCustomizerFactory$DisableMetricExportContextCustomizer@265adfad, org.springframework.boot.test.autoconfigure.filter.TypeExcludeFiltersContextCustomizer@351584c0, org.springframework.boot.test.autoconfigure.properties.PropertyMappingContextCustomizer@39a47512, org.springframework.boot.test.autoconfigure.web.servlet.WebDriverContextCustomizerFactory$Customizer@54e7df6a, org.springframework.boot.test.context.SpringBootTestArgs@1, org.springframework.boot.test.context.SpringBootTestWebEnvironment@0], contextLoader = 'org.springframework.boot.test.context.SpringBootContextLoader', parent = [null]], attributes = map['org.springframework.test.context.event.ApplicationEventsTestExecutionListener.recordApplicationEvents' -> false]]
[ERROR] Tests run: 2, Failures: 0, Errors: 1, Skipped: 0, Time elapsed: 1.155 s <<< FAILURE! - in com.littlestore.repository.CustomerRepositoryTest
[ERROR] testSave  Time elapsed: 0.228 s  <<< ERROR!
org.springframework.dao.DataIntegrityViolationException: could not execute statement; SQL [n/a]; constraint [UK_dwk6cx0afu8bs9o4t536v1j5v]; nested exception is org.hibernate.exception.ConstraintViolationException: could not execute statement
	at com.littlestore.repository.CustomerRepositoryTest.testSave(CustomerRepositoryTest.java:39)
Caused by: org.hibernate.exception.ConstraintViolationException: could not execute statement
	at com.littlestore.repository.CustomerRepositoryTest.testSave(CustomerRepositoryTest.java:39)
Caused by: java.sql.SQLIntegrityConstraintViolationException: Duplicate entry 'test@junit5.com' for key 'UK_dwk6cx0afu8bs9o4t536v1j5v'
	at com.littlestore.repository.CustomerRepositoryTest.testSave(CustomerRepositoryTest.java:39)

2026-03-12 20:27:32.866  INFO 5020 --- [ionShutdownHook] j.LocalContainerEntityManagerFactoryBean : Closing JPA EntityManagerFactory for persistence unit 'default'
2026-03-12 20:27:32.869  INFO 5020 --- [ionShutdownHook] com.zaxxer.hikari.HikariDataSource       : HikariPool-1 - Shutdown initiated...
2026-03-12 20:27:32.874  INFO 5020 --- [ionShutdownHook] com.zaxxer.hikari.HikariDataSource       : HikariPool-1 - Shutdown completed.
2026-03-12 20:27:32.877  INFO 5020 --- [ionShutdownHook] j.LocalContainerEntityManagerFactoryBean : Closing JPA EntityManagerFactory for persistence unit 'default'
2026-03-12 20:27:32.877  INFO 5020 --- [ionShutdownHook] com.zaxxer.hikari.HikariDataSource       : HikariPool-2 - Shutdown initiated...
2026-03-12 20:27:32.880  INFO 5020 --- [ionShutdownHook] com.zaxxer.hikari.HikariDataSource       : HikariPool-2 - Shutdown completed.
2026-03-12 20:27:32.882  INFO 5020 --- [ionShutdownHook] j.LocalContainerEntityManagerFactoryBean : Closing JPA EntityManagerFactory for persistence unit 'default'
2026-03-12 20:27:32.882  INFO 5020 --- [ionShutdownHook] com.zaxxer.hikari.HikariDataSource       : HikariPool-3 - Shutdown initiated...
2026-03-12 20:27:32.884  INFO 5020 --- [ionShutdownHook] com.zaxxer.hikari.HikariDataSource       : HikariPool-3 - Shutdown completed.
[INFO] 
[INFO] Results:
[INFO] 
[ERROR] Failures: 
[ERROR]   MainControllerTest.testResetPassword_withValidTokenAndPassword_shouldUpdateAndRedirect:53 
Wanted but not invoked:
customerService bean.update(
    Customer [id=0, email=user@example.com, password=null, passwordConfirm=null, firstName=null, lastName=null, phone=null, address=null, city=null, state=null, preferredPayment=null, paymentHandle=null, isEnabled=null, role=null]
);
-> at com.littlestore.controller.MainControllerTest.testResetPassword_withValidTokenAndPassword_shouldUpdateAndRedirect(MainControllerTest.java:53)
Actually, there were zero interactions with this mock.

[ERROR] Errors: 
[ERROR]   CustomerRepositoryTest.testSave:39 ╗ DataIntegrityViolation could not execute ...
[INFO] 
[ERROR] Tests run: 4, Failures: 1, Errors: 1, Skipped: 0
[INFO] 
[INFO] ------------------------------------------------------------------------
[INFO] BUILD FAILURE
[INFO] ------------------------------------------------------------------------
[INFO] Total time:  16.970 s
[INFO] Finished at: 2026-03-12T20:27:33-04:00
[INFO] ------------------------------------------------------------------------
[ERROR] Failed to execute goal org.apache.maven.plugins:maven-surefire-plugin:2.22.2:test (default-test) on project LittleStore: There are test failures.
[ERROR] 
[ERROR] Please refer to C:\eclipse-workspace\LittleStore\target\surefire-reports for the individual test results.
[ERROR] Please refer to dump files (if any exist) [date].dump, [date]-jvmRun[N].dump and [date].dumpstream.
[ERROR] -> [Help 1]
[ERROR] 
[ERROR] To see the full stack trace of the errors, re-run Maven with the -e switch.
[ERROR] Re-run Maven using the -X switch to enable full debug logging.
[ERROR] 
[ERROR] For more information about the errors and possible solutions, please read the following articles:
[ERROR] [Help 1] http://cwiki.apache.org/confluence/display/MAVEN/MojoFailureException
